// Jest Snapshot v1, https://goo.gl/fbAQLP

exports[`MainContainer page render 1`] = `undefined`;
