// Jest Snapshot v1, https://goo.gl/fbAQLP

exports[`List of clickable strings render 1`] = `
ShallowWrapper {
  Symbol(enzyme.__root__): [Circular],
  Symbol(enzyme.__unrendered__): <ListOfClickableStrings
    delimiter=""
    items={
        Array [
            "one",
            "two",
          ]
    }
    onClick={[Function]}
/>,
  Symbol(enzyme.__renderer__): Object {
    "batchedUpdates": [Function],
    "getNode": [Function],
    "render": [Function],
    "simulateError": [Function],
    "simulateEvent": [Function],
    "unmount": [Function],
  },
  Symbol(enzyme.__node__): Object {
    "instance": null,
    "key": undefined,
    "nodeType": "host",
    "props": Object {
      "children": Array [
        <Jss(ClickableWord)
          delimiter=""
          onClick={[Function]}
          word="one"
/>,
        <Jss(ClickableWord)
          delimiter=""
          onClick={[Function]}
          word="two"
/>,
      ],
    },
    "ref": null,
    "rendered": Array [
      Object {
        "instance": null,
        "key": "5ccbc866-a5b1-4674-a593-5c2cc7bdcbe4",
        "nodeType": "class",
        "props": Object {
          "delimiter": "",
          "onClick": [Function],
          "word": "one",
        },
        "ref": null,
        "rendered": null,
        "type": [Function],
      },
      Object {
        "instance": null,
        "key": "6024c0d5-de5b-464d-b096-f7b6097347bc",
        "nodeType": "class",
        "props": Object {
          "delimiter": "",
          "onClick": [Function],
          "word": "two",
        },
        "ref": null,
        "rendered": null,
        "type": [Function],
      },
    ],
    "type": "div",
  },
  Symbol(enzyme.__nodes__): Array [
    Object {
      "instance": null,
      "key": undefined,
      "nodeType": "host",
      "props": Object {
        "children": Array [
          <Jss(ClickableWord)
            delimiter=""
            onClick={[Function]}
            word="one"
/>,
          <Jss(ClickableWord)
            delimiter=""
            onClick={[Function]}
            word="two"
/>,
        ],
      },
      "ref": null,
      "rendered": Array [
        Object {
          "instance": null,
          "key": "5ccbc866-a5b1-4674-a593-5c2cc7bdcbe4",
          "nodeType": "class",
          "props": Object {
            "delimiter": "",
            "onClick": [Function],
            "word": "one",
          },
          "ref": null,
          "rendered": null,
          "type": [Function],
        },
        Object {
          "instance": null,
          "key": "6024c0d5-de5b-464d-b096-f7b6097347bc",
          "nodeType": "class",
          "props": Object {
            "delimiter": "",
            "onClick": [Function],
            "word": "two",
          },
          "ref": null,
          "rendered": null,
          "type": [Function],
        },
      ],
      "type": "div",
    },
  ],
  Symbol(enzyme.__options__): Object {
    "adapter": ReactSixteenAdapter {
      "options": Object {
        "enableComponentDidUpdateOnSetState": true,
        "lifecycles": Object {
          "componentDidUpdate": Object {
            "onSetState": true,
          },
          "getDerivedStateFromProps": true,
          "getSnapshotBeforeUpdate": true,
          "setState": Object {
            "skipsComponentDidUpdateOnNullish": true,
          },
        },
      },
    },
    "attachTo": undefined,
    "hydrateIn": undefined,
  },
}
`;
